# RTL_ID 22011200
#
# Events:
#    N - no event
#    E - exception
#    I - interrupt
#    W - wakeup
# =====================================================================================
# : Core Reset
# =====================================================================================
# Test: sbreak.hex
#           Time   Ev  Curr_PC    Instr      Next_PC    Reg        Value     
# =====================================================================================
               3   N   00000000   00000000   00001000   ---        --------
               6   N   00001000   0000e101   00001004   x10_a0     00000000
               7   N   00001004   00004e01   00001006   ---        --------
               8   N   00001006   fffff297   00001008   x28_t3     00000000
               9   N   00001008   77828293   0000100c   x05_t0     00000008
              10   N   0000100c   30529073   00001010   x05_t0     00000780
              11   N   00001010   00004505   00001014   ---        --------
              12   N   00001014   0000057e   00001016   x10_a0     00000001
              13   N   00001016   00054863   00001018   x10_a0     80000000
              14   N   00001018   0ff0000f   00001028   ---        --------
              17   N   00001028   00028f63   0000102c   x05_t0     00000000
              18   N   0000102c   10529073   0000104a   ---        --------
              22   N   0000104a   00006509   0000104e   ---        --------
              23   N   0000104e   00006509   0000104e   ---        --------
              24   N   0000104e   80050513   00001050   x10_a0     00002000
              25   N   00001050   30052073   00001054   x10_a0     00001800
              26   N   00001054   00000297   00001058   ---        --------
              27   N   00001058   00000297   00001058   ---        --------
              28   N   00001058   64628293   0000105c   x05_t0     00001058
              29   N   0000105c   34129073   00001060   x05_t0     0000169e
              30   N   00001060   f1402573   00001064   ---        --------
              31   N   00001064   30200073   00001068   x10_a0     00000000
              33   N   00001068   00000000   0000169e   ---        --------
              36   N   0000169e   00009002   000016a0   x28_t3     00000002
              37   E   000016a0   0000a019   00000780   mstatus    00001800
              37   E   000016a0   0000a019   00000780   mepc       000016a0
              37   E   000016a0   0000a019   00000780   mcause     00000003
              37   E   000016a0   0000a019   00000780   mtval      00000000
              40   N   00000780   000047a1   00000784   x14_a4     00000003
              41   N   00000784   04f70263   00000786   x15_a5     00000008
              42   N   00000786   000047a5   0000078a   ---        --------
              43   N   0000078a   02f70f63   0000078c   x15_a5     00000009
              44   N   0000078c   000047ad   00000790   ---        --------
              45   N   00000790   02f70c63   00000792   x15_a5     0000000b
              46   N   00000792   47ad0837   00000796   ---        --------
              48   N   00000796   02f71897   0000079a   x16_a6     f0000000
              50   N   0000079a   f0008893   0000079e   x17_a7     0000179a
              52   N   0000079e   00008783   000007a2   x17_a7     00001680
              55   N   000007a2   0000c791   000007a6   x15_a5     00000042
              56   N   000007a6   00f82023   000007a8   ---        --------
              58   N   000007a8   00000885   000007ac   ---        --------
              59   N   000007ac   ff5ff06f   000007ae   x17_a7     00001681
              60   N   000007ae   08851717   000007a2   ---        --------
              65   N   000007a2   0000c791   000007a6   x15_a5     00000050
              66   N   000007a6   00f82023   000007a8   ---        --------
              68   N   000007a8   00000885   000007ac   ---        --------
              69   N   000007ac   ff5ff06f   000007ae   x17_a7     00001682
              70   N   000007ae   08851717   000007a2   ---        --------
              75   N   000007a2   0000c791   000007a6   x15_a5     00000020
              76   N   000007a6   00f82023   000007a8   ---        --------
              78   N   000007a8   00000885   000007ac   ---        --------
              79   N   000007ac   ff5ff06f   000007ae   x17_a7     00001683
              80   N   000007ae   08851717   000007a2   ---        --------
              85   N   000007a2   0000c791   000007a6   x15_a5     00000020
              86   N   000007a6   00f82023   000007a8   ---        --------
              88   N   000007a8   00000885   000007ac   ---        --------
              89   N   000007ac   ff5ff06f   000007ae   x17_a7     00001684
              90   N   000007ae   08851717   000007a2   ---        --------
              95   N   000007a2   0000c791   000007a6   x15_a5     00000020
              96   N   000007a6   00f82023   000007a8   ---        --------
              98   N   000007a8   00000885   000007ac   ---        --------
              99   N   000007ac   ff5ff06f   000007ae   x17_a7     00001685
             100   N   000007ae   08851717   000007a2   ---        --------
             105   N   000007a2   0000c791   000007a6   x15_a5     00000020
             106   N   000007a6   00f82023   000007a8   ---        --------
             108   N   000007a8   00000885   000007ac   ---        --------
             109   N   000007ac   ff5ff06f   000007ae   x17_a7     00001686
             110   N   000007ae   08851717   000007a2   ---        --------
             115   N   000007a2   0000c791   000007a6   x15_a5     00000020
             116   N   000007a6   00f82023   000007a8   ---        --------
             118   N   000007a8   00000885   000007ac   ---        --------
             119   N   000007ac   ff5ff06f   000007ae   x17_a7     00001687
             120   N   000007ae   08851717   000007a2   ---        --------
             125   N   000007a2   0000c791   000007a6   x15_a5     00000020
             126   N   000007a6   00f82023   000007a8   ---        --------
             128   N   000007a8   00000885   000007ac   ---        --------
             129   N   000007ac   ff5ff06f   000007ae   x17_a7     00001688
             130   N   000007ae   08851717   000007a2   ---        --------
             135   N   000007a2   0000c791   000007a6   x15_a5     00000020
             136   N   000007a6   00f82023   000007a8   ---        --------
             138   N   000007a8   00000885   000007ac   ---        --------
             139   N   000007ac   ff5ff06f   000007ae   x17_a7     00001689
             140   N   000007ae   08851717   000007a2   ---        --------
             145   N   000007a2   0000c791   000007a6   x15_a5     00000020
             146   N   000007a6   00f82023   000007a8   ---        --------
             148   N   000007a8   00000885   000007ac   ---        --------
             149   N   000007ac   ff5ff06f   000007ae   x17_a7     0000168a
             150   N   000007ae   08851717   000007a2   ---        --------
             155   N   000007a2   0000c791   000007a6   x15_a5     00000020
             156   N   000007a6   00f82023   000007a8   ---        --------
             158   N   000007a8   00000885   000007ac   ---        --------
             159   N   000007ac   ff5ff06f   000007ae   x17_a7     0000168b
             160   N   000007ae   08851717   000007a2   ---        --------
             165   N   000007a2   0000c791   000007a6   x15_a5     00000020
             166   N   000007a6   00f82023   000007a8   ---        --------
             168   N   000007a8   00000885   000007ac   ---        --------
             169   N   000007ac   ff5ff06f   000007ae   x17_a7     0000168c
             170   N   000007ae   08851717   000007a2   ---        --------
             175   N   000007a2   0000c791   000007a6   x15_a5     00000020
             176   N   000007a6   00f82023   000007a8   ---        --------
             178   N   000007a8   00000885   000007ac   ---        --------
             179   N   000007ac   ff5ff06f   000007ae   x17_a7     0000168d
             180   N   000007ae   08851717   000007a2   ---        --------
             185   N   000007a2   0000c791   000007a6   x15_a5     00000020
             186   N   000007a6   00f82023   000007a8   ---        --------
             188   N   000007a8   00000885   000007ac   ---        --------
             189   N   000007ac   ff5ff06f   000007ae   x17_a7     0000168e
             190   N   000007ae   08851717   000007a2   ---        --------
             195   N   000007a2   0000c791   000007a6   x15_a5     00000020
             196   N   000007a6   00f82023   000007a8   ---        --------
             198   N   000007a8   00000885   000007ac   ---        --------
             199   N   000007ac   ff5ff06f   000007ae   x17_a7     0000168f
             200   N   000007ae   08851717   000007a2   ---        --------
             205   N   000007a2   0000c791   000007a6   x15_a5     00000020
             206   N   000007a6   00f82023   000007a8   ---        --------
             208   N   000007a8   00000885   000007ac   ---        --------
             209   N   000007ac   ff5ff06f   000007ae   x17_a7     00001690
             210   N   000007ae   08851717   000007a2   ---        --------
             215   N   000007a2   0000c791   000007a6   x15_a5     00000020
             216   N   000007a6   00f82023   000007a8   ---        --------
             218   N   000007a8   00000885   000007ac   ---        --------
             219   N   000007ac   ff5ff06f   000007ae   x17_a7     00001691
             220   N   000007ae   08851717   000007a2   ---        --------
             225   N   000007a2   0000c791   000007a6   x15_a5     00000020
             226   N   000007a6   00f82023   000007a8   ---        --------
             228   N   000007a8   00000885   000007ac   ---        --------
             229   N   000007ac   ff5ff06f   000007ae   x17_a7     00001692
             230   N   000007ae   08851717   000007a2   ---        --------
             235   N   000007a2   0000c791   000007a6   x15_a5     00000020
             236   N   000007a6   00f82023   000007a8   ---        --------
             238   N   000007a8   00000885   000007ac   ---        --------
             239   N   000007ac   ff5ff06f   000007ae   x17_a7     00001693
             240   N   000007ae   08851717   000007a2   ---        --------
             245   N   000007a2   0000c791   000007a6   x15_a5     00000020
             246   N   000007a6   00f82023   000007a8   ---        --------
             248   N   000007a8   00000885   000007ac   ---        --------
             249   N   000007ac   ff5ff06f   000007ae   x17_a7     00001694
             250   N   000007ae   08851717   000007a2   ---        --------
             255   N   000007a2   0000c791   000007a6   x15_a5     00000020
             256   N   000007a6   00f82023   000007a8   ---        --------
             258   N   000007a8   00000885   000007ac   ---        --------
             259   N   000007ac   ff5ff06f   000007ae   x17_a7     00001695
             260   N   000007ae   08851717   000007a2   ---        --------
             265   N   000007a2   0000c791   000007a6   x15_a5     00000020
             266   N   000007a6   00f82023   000007a8   ---        --------
             268   N   000007a8   00000885   000007ac   ---        --------
             269   N   000007ac   ff5ff06f   000007ae   x17_a7     00001696
             270   N   000007ae   08851717   000007a2   ---        --------
             275   N   000007a2   0000c791   000007a6   x15_a5     00000020
             276   N   000007a6   00f82023   000007a8   ---        --------
             278   N   000007a8   00000885   000007ac   ---        --------
             279   N   000007ac   ff5ff06f   000007ae   x17_a7     00001697
             280   N   000007ae   08851717   000007a2   ---        --------
             285   N   000007a2   0000c791   000007a6   x15_a5     00000020
             286   N   000007a6   00f82023   000007a8   ---        --------
             288   N   000007a8   00000885   000007ac   ---        --------
             289   N   000007ac   ff5ff06f   000007ae   x17_a7     00001698
             290   N   000007ae   08851717   000007a2   ---        --------
             295   N   000007a2   0000c791   000007a6   x15_a5     00000020
             296   N   000007a6   00f82023   000007a8   ---        --------
             298   N   000007a8   00000885   000007ac   ---        --------
             299   N   000007ac   ff5ff06f   000007ae   x17_a7     00001699
             300   N   000007ae   08851717   000007a2   ---        --------
             305   N   000007a2   0000c791   000007a6   x15_a5     00000020
             306   N   000007a6   00f82023   000007a8   ---        --------
             308   N   000007a8   00000885   000007ac   ---        --------
             309   N   000007ac   ff5ff06f   000007ae   x17_a7     0000169a
             310   N   000007ae   08851717   000007a2   ---        --------
             315   N   000007a2   0000c791   000007a6   x15_a5     00000020
             316   N   000007a6   00f82023   000007a8   ---        --------
             318   N   000007a8   00000885   000007ac   ---        --------
             319   N   000007ac   ff5ff06f   000007ae   x17_a7     0000169b
             320   N   000007ae   08851717   000007a2   ---        --------
             325   N   000007a2   0000c791   000007a6   x15_a5     00000020
             326   N   000007a6   00f82023   000007a8   ---        --------
             328   N   000007a8   00000885   000007ac   ---        --------
             329   N   000007ac   ff5ff06f   000007ae   x17_a7     0000169c
             330   N   000007ae   08851717   000007a2   ---        --------
             335   N   000007a2   0000c791   000007a6   x15_a5     00000020
             336   N   000007a6   00f82023   000007a8   ---        --------
             338   N   000007a8   00000885   000007ac   ---        --------
             339   N   000007ac   ff5ff06f   000007ae   x17_a7     0000169d
             340   N   000007ae   08851717   000007a2   ---        --------
             345   N   000007a2   0000c791   000007a6   x15_a5     00000000
             346   N   000007a6   00f82023   000007b2   ---        --------
             350   N   000007b2   20230713   000007b6   x14_a4     000017b2
             352   N   000007b6   0000c311   000007ba   x14_a4     000016c0
             353   N   000007ba   00008702   000007bc   ---        --------
             354   N   000007bc   34202773   000016c0   ---        --------
             357   N   000016c0   342022f3   000016c2   x06_t1     00000003
             358   N   000016c2   430d91e3   000016c6   x05_t0     00000003
             360   N   000016c6   34200317   000016ca   ---        --------
             362   N   000016ca   fe620313   000016ce   x06_t1     000016ca
             364   N   000016ce   000022f3   000016d2   x06_t1     000016a0
             366   N   000016d2   fd6399e3   000016d6   x05_t0     000016a0
             368   N   000016d6   0000bfe9   000016da   ---        --------
             369   N   000016da   00000073   000016b4   ---        --------
             372   N   000016b4   000085f2   000016b8   ---        --------
             373   N   000016b8   00004501   000016ba   x11_a1     00000002
             374   N   000016ba   00000073   000016bc   x10_a0     00000000
             375   E   000016bc   0000430d   00000780   mstatus    00001800
             375   E   000016bc   0000430d   00000780   mepc       000016bc
             375   E   000016bc   0000430d   00000780   mcause     0000000b
             375   E   000016bc   0000430d   00000780   mtval      00000000
             378   N   00000780   000047a1   00000784   x14_a4     0000000b
             379   N   00000784   04f70263   00000786   x15_a5     00000008
             380   N   00000786   000047a5   0000078a   ---        --------
             381   N   0000078a   02f70f63   0000078c   x15_a5     00000009
             382   N   0000078c   000047ad   00000790   ---        --------
             383   N   00000790   02f70c63   00000792   x15_a5     0000000b
             384   N   00000792   47ad0837   000007ca   ---        --------
             388   N   000007ca   08370013   00001700   ---        --------
             391   N   00001700   9f428293   00001704   x05_t0     00000700
             392   N   00001704   00008282   00001708   x05_t0     000000f4
             393   N   00001708   00000013   000000f4   ---        --------
             396   N   000000f4   0000006f   000000f8   ---        --------
             397   N   000000f8   ffffffff   000000f8   ---        --------
